CRITICAL - 2026-07-28 05:08:02 --> ErrorException: require_once(inc/service.php): Failed to open stream: No such file or directory
[Method: GET, Route: /]
in APPPATH/Views/index.php on line 465.
 1 APPPATH/Views/index.php(465): CodeIgniter\Debug\Exceptions->errorHandler()
 2 APPPATH/Views/index.php(465): require_once()
 3 SYSTEMPATH/View/View.php(240): include('/var/www/html/indiahairtransplant.com/app/Views/index.php')
 4 SYSTEMPATH/View/View.php(243): CodeIgniter\View\View->{closure:CodeIgniter\View\View::render():237}()
 5 SYSTEMPATH/Common.php(1268): CodeIgniter\View\View->render()
 6 APPPATH/Controllers/HomeController.php(9): view()
 7 SYSTEMPATH/CodeIgniter.php(974): App\Controllers\HomeController->index()
 8 SYSTEMPATH/CodeIgniter.php(520): CodeIgniter\CodeIgniter->runController()
 9 SYSTEMPATH/CodeIgniter.php(363): CodeIgniter\CodeIgniter->handleRequest()
10 SYSTEMPATH/Boot.php(417): CodeIgniter\CodeIgniter->run()
11 SYSTEMPATH/Boot.php(68): CodeIgniter\Boot::runCodeIgniter()
12 FCPATH/index.php(59): CodeIgniter\Boot::bootWeb()
13 SYSTEMPATH/rewrite.php(44): require_once('/var/www/html/indiahairtransplant.com/public/index.php')
CRITICAL - 2026-07-28 05:08:04 --> ErrorException: require_once(inc/service.php): Failed to open stream: No such file or directory
[Method: GET, Route: /]
in APPPATH/Views/index.php on line 465.
 1 APPPATH/Views/index.php(465): CodeIgniter\Debug\Exceptions->errorHandler()
 2 APPPATH/Views/index.php(465): require_once()
 3 SYSTEMPATH/View/View.php(240): include('/var/www/html/indiahairtransplant.com/app/Views/index.php')
 4 SYSTEMPATH/View/View.php(243): CodeIgniter\View\View->{closure:CodeIgniter\View\View::render():237}()
 5 SYSTEMPATH/Common.php(1268): CodeIgniter\View\View->render()
 6 APPPATH/Controllers/HomeController.php(9): view()
 7 SYSTEMPATH/CodeIgniter.php(974): App\Controllers\HomeController->index()
 8 SYSTEMPATH/CodeIgniter.php(520): CodeIgniter\CodeIgniter->runController()
 9 SYSTEMPATH/CodeIgniter.php(363): CodeIgniter\CodeIgniter->handleRequest()
10 SYSTEMPATH/Boot.php(417): CodeIgniter\CodeIgniter->run()
11 SYSTEMPATH/Boot.php(68): CodeIgniter\Boot::runCodeIgniter()
12 FCPATH/index.php(59): CodeIgniter\Boot::bootWeb()
13 SYSTEMPATH/rewrite.php(44): require_once('/var/www/html/indiahairtransplant.com/public/index.php')
CRITICAL - 2026-07-28 05:08:53 --> ErrorException: require_once(inc/service.php): Failed to open stream: No such file or directory
[Method: GET, Route: /]
in APPPATH/Views/index.php on line 465.
 1 APPPATH/Views/index.php(465): CodeIgniter\Debug\Exceptions->errorHandler()
 2 APPPATH/Views/index.php(465): require_once()
 3 SYSTEMPATH/View/View.php(240): include('/var/www/html/indiahairtransplant.com/app/Views/index.php')
 4 SYSTEMPATH/View/View.php(243): CodeIgniter\View\View->{closure:CodeIgniter\View\View::render():237}()
 5 SYSTEMPATH/Common.php(1268): CodeIgniter\View\View->render()
 6 APPPATH/Controllers/HomeController.php(9): view()
 7 SYSTEMPATH/CodeIgniter.php(974): App\Controllers\HomeController->index()
 8 SYSTEMPATH/CodeIgniter.php(520): CodeIgniter\CodeIgniter->runController()
 9 SYSTEMPATH/CodeIgniter.php(363): CodeIgniter\CodeIgniter->handleRequest()
10 SYSTEMPATH/Boot.php(417): CodeIgniter\CodeIgniter->run()
11 SYSTEMPATH/Boot.php(68): CodeIgniter\Boot::runCodeIgniter()
12 FCPATH/index.php(59): CodeIgniter\Boot::bootWeb()
13 SYSTEMPATH/rewrite.php(44): require_once('/var/www/html/indiahairtransplant.com/public/index.php')
CRITICAL - 2026-07-28 05:08:53 --> ErrorException: require_once(inc/service.php): Failed to open stream: No such file or directory
[Method: GET, Route: /]
in APPPATH/Views/index.php on line 465.
 1 APPPATH/Views/index.php(465): CodeIgniter\Debug\Exceptions->errorHandler()
 2 APPPATH/Views/index.php(465): require_once()
 3 SYSTEMPATH/View/View.php(240): include('/var/www/html/indiahairtransplant.com/app/Views/index.php')
 4 SYSTEMPATH/View/View.php(243): CodeIgniter\View\View->{closure:CodeIgniter\View\View::render():237}()
 5 SYSTEMPATH/Common.php(1268): CodeIgniter\View\View->render()
 6 APPPATH/Controllers/HomeController.php(9): view()
 7 SYSTEMPATH/CodeIgniter.php(974): App\Controllers\HomeController->index()
 8 SYSTEMPATH/CodeIgniter.php(520): CodeIgniter\CodeIgniter->runController()
 9 SYSTEMPATH/CodeIgniter.php(363): CodeIgniter\CodeIgniter->handleRequest()
10 SYSTEMPATH/Boot.php(417): CodeIgniter\CodeIgniter->run()
11 SYSTEMPATH/Boot.php(68): CodeIgniter\Boot::runCodeIgniter()
12 FCPATH/index.php(59): CodeIgniter\Boot::bootWeb()
13 SYSTEMPATH/rewrite.php(44): require_once('/var/www/html/indiahairtransplant.com/public/index.php')
CRITICAL - 2026-07-28 05:08:54 --> ErrorException: require_once(inc/service.php): Failed to open stream: No such file or directory
[Method: GET, Route: /]
in APPPATH/Views/index.php on line 465.
 1 APPPATH/Views/index.php(465): CodeIgniter\Debug\Exceptions->errorHandler()
 2 APPPATH/Views/index.php(465): require_once()
 3 SYSTEMPATH/View/View.php(240): include('/var/www/html/indiahairtransplant.com/app/Views/index.php')
 4 SYSTEMPATH/View/View.php(243): CodeIgniter\View\View->{closure:CodeIgniter\View\View::render():237}()
 5 SYSTEMPATH/Common.php(1268): CodeIgniter\View\View->render()
 6 APPPATH/Controllers/HomeController.php(9): view()
 7 SYSTEMPATH/CodeIgniter.php(974): App\Controllers\HomeController->index()
 8 SYSTEMPATH/CodeIgniter.php(520): CodeIgniter\CodeIgniter->runController()
 9 SYSTEMPATH/CodeIgniter.php(363): CodeIgniter\CodeIgniter->handleRequest()
10 SYSTEMPATH/Boot.php(417): CodeIgniter\CodeIgniter->run()
11 SYSTEMPATH/Boot.php(68): CodeIgniter\Boot::runCodeIgniter()
12 FCPATH/index.php(59): CodeIgniter\Boot::bootWeb()
13 SYSTEMPATH/rewrite.php(44): require_once('/var/www/html/indiahairtransplant.com/public/index.php')
CRITICAL - 2026-07-28 05:08:54 --> ErrorException: require_once(inc/service.php): Failed to open stream: No such file or directory
[Method: GET, Route: /]
in APPPATH/Views/index.php on line 465.
 1 APPPATH/Views/index.php(465): CodeIgniter\Debug\Exceptions->errorHandler()
 2 APPPATH/Views/index.php(465): require_once()
 3 SYSTEMPATH/View/View.php(240): include('/var/www/html/indiahairtransplant.com/app/Views/index.php')
 4 SYSTEMPATH/View/View.php(243): CodeIgniter\View\View->{closure:CodeIgniter\View\View::render():237}()
 5 SYSTEMPATH/Common.php(1268): CodeIgniter\View\View->render()
 6 APPPATH/Controllers/HomeController.php(9): view()
 7 SYSTEMPATH/CodeIgniter.php(974): App\Controllers\HomeController->index()
 8 SYSTEMPATH/CodeIgniter.php(520): CodeIgniter\CodeIgniter->runController()
 9 SYSTEMPATH/CodeIgniter.php(363): CodeIgniter\CodeIgniter->handleRequest()
10 SYSTEMPATH/Boot.php(417): CodeIgniter\CodeIgniter->run()
11 SYSTEMPATH/Boot.php(68): CodeIgniter\Boot::runCodeIgniter()
12 FCPATH/index.php(59): CodeIgniter\Boot::bootWeb()
13 SYSTEMPATH/rewrite.php(44): require_once('/var/www/html/indiahairtransplant.com/public/index.php')
CRITICAL - 2026-07-28 05:08:54 --> ErrorException: require_once(inc/service.php): Failed to open stream: No such file or directory
[Method: GET, Route: /]
in APPPATH/Views/index.php on line 465.
 1 APPPATH/Views/index.php(465): CodeIgniter\Debug\Exceptions->errorHandler()
 2 APPPATH/Views/index.php(465): require_once()
 3 SYSTEMPATH/View/View.php(240): include('/var/www/html/indiahairtransplant.com/app/Views/index.php')
 4 SYSTEMPATH/View/View.php(243): CodeIgniter\View\View->{closure:CodeIgniter\View\View::render():237}()
 5 SYSTEMPATH/Common.php(1268): CodeIgniter\View\View->render()
 6 APPPATH/Controllers/HomeController.php(9): view()
 7 SYSTEMPATH/CodeIgniter.php(974): App\Controllers\HomeController->index()
 8 SYSTEMPATH/CodeIgniter.php(520): CodeIgniter\CodeIgniter->runController()
 9 SYSTEMPATH/CodeIgniter.php(363): CodeIgniter\CodeIgniter->handleRequest()
10 SYSTEMPATH/Boot.php(417): CodeIgniter\CodeIgniter->run()
11 SYSTEMPATH/Boot.php(68): CodeIgniter\Boot::runCodeIgniter()
12 FCPATH/index.php(59): CodeIgniter\Boot::bootWeb()
13 SYSTEMPATH/rewrite.php(44): require_once('/var/www/html/indiahairtransplant.com/public/index.php')
CRITICAL - 2026-07-28 05:23:46 --> ErrorException: require_once(inc/service.php): Failed to open stream: No such file or directory
[Method: GET, Route: /]
in APPPATH/Views/index.php on line 465.
 1 APPPATH/Views/index.php(465): CodeIgniter\Debug\Exceptions->errorHandler()
 2 APPPATH/Views/index.php(465): require_once()
 3 SYSTEMPATH/View/View.php(240): include('/var/www/html/indiahairtransplant.com/app/Views/index.php')
 4 SYSTEMPATH/View/View.php(243): CodeIgniter\View\View->{closure:CodeIgniter\View\View::render():237}()
 5 SYSTEMPATH/Common.php(1268): CodeIgniter\View\View->render()
 6 APPPATH/Controllers/HomeController.php(9): view()
 7 SYSTEMPATH/CodeIgniter.php(974): App\Controllers\HomeController->index()
 8 SYSTEMPATH/CodeIgniter.php(520): CodeIgniter\CodeIgniter->runController()
 9 SYSTEMPATH/CodeIgniter.php(363): CodeIgniter\CodeIgniter->handleRequest()
10 SYSTEMPATH/Boot.php(417): CodeIgniter\CodeIgniter->run()
11 SYSTEMPATH/Boot.php(68): CodeIgniter\Boot::runCodeIgniter()
12 FCPATH/index.php(59): CodeIgniter\Boot::bootWeb()
13 SYSTEMPATH/rewrite.php(44): require_once('/var/www/html/indiahairtransplant.com/public/index.php')
CRITICAL - 2026-07-28 05:24:01 --> ErrorException: require_once(inc/service.php): Failed to open stream: No such file or directory
[Method: GET, Route: /]
in APPPATH/Views/index.php on line 465.
 1 APPPATH/Views/index.php(465): CodeIgniter\Debug\Exceptions->errorHandler()
 2 APPPATH/Views/index.php(465): require_once()
 3 SYSTEMPATH/View/View.php(240): include('/var/www/html/indiahairtransplant.com/app/Views/index.php')
 4 SYSTEMPATH/View/View.php(243): CodeIgniter\View\View->{closure:CodeIgniter\View\View::render():237}()
 5 SYSTEMPATH/Common.php(1268): CodeIgniter\View\View->render()
 6 APPPATH/Controllers/HomeController.php(9): view()
 7 SYSTEMPATH/CodeIgniter.php(974): App\Controllers\HomeController->index()
 8 SYSTEMPATH/CodeIgniter.php(520): CodeIgniter\CodeIgniter->runController()
 9 SYSTEMPATH/CodeIgniter.php(363): CodeIgniter\CodeIgniter->handleRequest()
10 SYSTEMPATH/Boot.php(417): CodeIgniter\CodeIgniter->run()
11 SYSTEMPATH/Boot.php(68): CodeIgniter\Boot::runCodeIgniter()
12 FCPATH/index.php(59): CodeIgniter\Boot::bootWeb()
13 SYSTEMPATH/rewrite.php(44): require_once('/var/www/html/indiahairtransplant.com/public/index.php')
CRITICAL - 2026-07-28 05:24:02 --> ErrorException: require_once(inc/service.php): Failed to open stream: No such file or directory
[Method: GET, Route: /]
in APPPATH/Views/index.php on line 465.
 1 APPPATH/Views/index.php(465): CodeIgniter\Debug\Exceptions->errorHandler()
 2 APPPATH/Views/index.php(465): require_once()
 3 SYSTEMPATH/View/View.php(240): include('/var/www/html/indiahairtransplant.com/app/Views/index.php')
 4 SYSTEMPATH/View/View.php(243): CodeIgniter\View\View->{closure:CodeIgniter\View\View::render():237}()
 5 SYSTEMPATH/Common.php(1268): CodeIgniter\View\View->render()
 6 APPPATH/Controllers/HomeController.php(9): view()
 7 SYSTEMPATH/CodeIgniter.php(974): App\Controllers\HomeController->index()
 8 SYSTEMPATH/CodeIgniter.php(520): CodeIgniter\CodeIgniter->runController()
 9 SYSTEMPATH/CodeIgniter.php(363): CodeIgniter\CodeIgniter->handleRequest()
10 SYSTEMPATH/Boot.php(417): CodeIgniter\CodeIgniter->run()
11 SYSTEMPATH/Boot.php(68): CodeIgniter\Boot::runCodeIgniter()
12 FCPATH/index.php(59): CodeIgniter\Boot::bootWeb()
13 SYSTEMPATH/rewrite.php(44): require_once('/var/www/html/indiahairtransplant.com/public/index.php')
CRITICAL - 2026-07-28 05:24:02 --> ErrorException: require_once(inc/service.php): Failed to open stream: No such file or directory
[Method: GET, Route: /]
in APPPATH/Views/index.php on line 465.
 1 APPPATH/Views/index.php(465): CodeIgniter\Debug\Exceptions->errorHandler()
 2 APPPATH/Views/index.php(465): require_once()
 3 SYSTEMPATH/View/View.php(240): include('/var/www/html/indiahairtransplant.com/app/Views/index.php')
 4 SYSTEMPATH/View/View.php(243): CodeIgniter\View\View->{closure:CodeIgniter\View\View::render():237}()
 5 SYSTEMPATH/Common.php(1268): CodeIgniter\View\View->render()
 6 APPPATH/Controllers/HomeController.php(9): view()
 7 SYSTEMPATH/CodeIgniter.php(974): App\Controllers\HomeController->index()
 8 SYSTEMPATH/CodeIgniter.php(520): CodeIgniter\CodeIgniter->runController()
 9 SYSTEMPATH/CodeIgniter.php(363): CodeIgniter\CodeIgniter->handleRequest()
10 SYSTEMPATH/Boot.php(417): CodeIgniter\CodeIgniter->run()
11 SYSTEMPATH/Boot.php(68): CodeIgniter\Boot::runCodeIgniter()
12 FCPATH/index.php(59): CodeIgniter\Boot::bootWeb()
13 SYSTEMPATH/rewrite.php(44): require_once('/var/www/html/indiahairtransplant.com/public/index.php')
CRITICAL - 2026-07-28 05:24:02 --> ErrorException: require_once(inc/service.php): Failed to open stream: No such file or directory
[Method: GET, Route: /]
in APPPATH/Views/index.php on line 465.
 1 APPPATH/Views/index.php(465): CodeIgniter\Debug\Exceptions->errorHandler()
 2 APPPATH/Views/index.php(465): require_once()
 3 SYSTEMPATH/View/View.php(240): include('/var/www/html/indiahairtransplant.com/app/Views/index.php')
 4 SYSTEMPATH/View/View.php(243): CodeIgniter\View\View->{closure:CodeIgniter\View\View::render():237}()
 5 SYSTEMPATH/Common.php(1268): CodeIgniter\View\View->render()
 6 APPPATH/Controllers/HomeController.php(9): view()
 7 SYSTEMPATH/CodeIgniter.php(974): App\Controllers\HomeController->index()
 8 SYSTEMPATH/CodeIgniter.php(520): CodeIgniter\CodeIgniter->runController()
 9 SYSTEMPATH/CodeIgniter.php(363): CodeIgniter\CodeIgniter->handleRequest()
10 SYSTEMPATH/Boot.php(417): CodeIgniter\CodeIgniter->run()
11 SYSTEMPATH/Boot.php(68): CodeIgniter\Boot::runCodeIgniter()
12 FCPATH/index.php(59): CodeIgniter\Boot::bootWeb()
13 SYSTEMPATH/rewrite.php(44): require_once('/var/www/html/indiahairtransplant.com/public/index.php')
CRITICAL - 2026-07-28 05:24:03 --> ErrorException: require_once(inc/service.php): Failed to open stream: No such file or directory
[Method: GET, Route: /]
in APPPATH/Views/index.php on line 465.
 1 APPPATH/Views/index.php(465): CodeIgniter\Debug\Exceptions->errorHandler()
 2 APPPATH/Views/index.php(465): require_once()
 3 SYSTEMPATH/View/View.php(240): include('/var/www/html/indiahairtransplant.com/app/Views/index.php')
 4 SYSTEMPATH/View/View.php(243): CodeIgniter\View\View->{closure:CodeIgniter\View\View::render():237}()
 5 SYSTEMPATH/Common.php(1268): CodeIgniter\View\View->render()
 6 APPPATH/Controllers/HomeController.php(9): view()
 7 SYSTEMPATH/CodeIgniter.php(974): App\Controllers\HomeController->index()
 8 SYSTEMPATH/CodeIgniter.php(520): CodeIgniter\CodeIgniter->runController()
 9 SYSTEMPATH/CodeIgniter.php(363): CodeIgniter\CodeIgniter->handleRequest()
10 SYSTEMPATH/Boot.php(417): CodeIgniter\CodeIgniter->run()
11 SYSTEMPATH/Boot.php(68): CodeIgniter\Boot::runCodeIgniter()
12 FCPATH/index.php(59): CodeIgniter\Boot::bootWeb()
13 SYSTEMPATH/rewrite.php(44): require_once('/var/www/html/indiahairtransplant.com/public/index.php')
CRITICAL - 2026-07-28 05:24:03 --> ErrorException: require_once(inc/service.php): Failed to open stream: No such file or directory
[Method: GET, Route: /]
in APPPATH/Views/index.php on line 465.
 1 APPPATH/Views/index.php(465): CodeIgniter\Debug\Exceptions->errorHandler()
 2 APPPATH/Views/index.php(465): require_once()
 3 SYSTEMPATH/View/View.php(240): include('/var/www/html/indiahairtransplant.com/app/Views/index.php')
 4 SYSTEMPATH/View/View.php(243): CodeIgniter\View\View->{closure:CodeIgniter\View\View::render():237}()
 5 SYSTEMPATH/Common.php(1268): CodeIgniter\View\View->render()
 6 APPPATH/Controllers/HomeController.php(9): view()
 7 SYSTEMPATH/CodeIgniter.php(974): App\Controllers\HomeController->index()
 8 SYSTEMPATH/CodeIgniter.php(520): CodeIgniter\CodeIgniter->runController()
 9 SYSTEMPATH/CodeIgniter.php(363): CodeIgniter\CodeIgniter->handleRequest()
10 SYSTEMPATH/Boot.php(417): CodeIgniter\CodeIgniter->run()
11 SYSTEMPATH/Boot.php(68): CodeIgniter\Boot::runCodeIgniter()
12 FCPATH/index.php(59): CodeIgniter\Boot::bootWeb()
13 SYSTEMPATH/rewrite.php(44): require_once('/var/www/html/indiahairtransplant.com/public/index.php')
CRITICAL - 2026-07-28 05:24:03 --> ErrorException: require_once(inc/service.php): Failed to open stream: No such file or directory
[Method: GET, Route: /]
in APPPATH/Views/index.php on line 465.
 1 APPPATH/Views/index.php(465): CodeIgniter\Debug\Exceptions->errorHandler()
 2 APPPATH/Views/index.php(465): require_once()
 3 SYSTEMPATH/View/View.php(240): include('/var/www/html/indiahairtransplant.com/app/Views/index.php')
 4 SYSTEMPATH/View/View.php(243): CodeIgniter\View\View->{closure:CodeIgniter\View\View::render():237}()
 5 SYSTEMPATH/Common.php(1268): CodeIgniter\View\View->render()
 6 APPPATH/Controllers/HomeController.php(9): view()
 7 SYSTEMPATH/CodeIgniter.php(974): App\Controllers\HomeController->index()
 8 SYSTEMPATH/CodeIgniter.php(520): CodeIgniter\CodeIgniter->runController()
 9 SYSTEMPATH/CodeIgniter.php(363): CodeIgniter\CodeIgniter->handleRequest()
10 SYSTEMPATH/Boot.php(417): CodeIgniter\CodeIgniter->run()
11 SYSTEMPATH/Boot.php(68): CodeIgniter\Boot::runCodeIgniter()
12 FCPATH/index.php(59): CodeIgniter\Boot::bootWeb()
13 SYSTEMPATH/rewrite.php(44): require_once('/var/www/html/indiahairtransplant.com/public/index.php')
CRITICAL - 2026-07-28 05:24:04 --> ErrorException: require_once(inc/service.php): Failed to open stream: No such file or directory
[Method: GET, Route: /]
in APPPATH/Views/index.php on line 465.
 1 APPPATH/Views/index.php(465): CodeIgniter\Debug\Exceptions->errorHandler()
 2 APPPATH/Views/index.php(465): require_once()
 3 SYSTEMPATH/View/View.php(240): include('/var/www/html/indiahairtransplant.com/app/Views/index.php')
 4 SYSTEMPATH/View/View.php(243): CodeIgniter\View\View->{closure:CodeIgniter\View\View::render():237}()
 5 SYSTEMPATH/Common.php(1268): CodeIgniter\View\View->render()
 6 APPPATH/Controllers/HomeController.php(9): view()
 7 SYSTEMPATH/CodeIgniter.php(974): App\Controllers\HomeController->index()
 8 SYSTEMPATH/CodeIgniter.php(520): CodeIgniter\CodeIgniter->runController()
 9 SYSTEMPATH/CodeIgniter.php(363): CodeIgniter\CodeIgniter->handleRequest()
10 SYSTEMPATH/Boot.php(417): CodeIgniter\CodeIgniter->run()
11 SYSTEMPATH/Boot.php(68): CodeIgniter\Boot::runCodeIgniter()
12 FCPATH/index.php(59): CodeIgniter\Boot::bootWeb()
13 SYSTEMPATH/rewrite.php(44): require_once('/var/www/html/indiahairtransplant.com/public/index.php')
CRITICAL - 2026-07-28 05:24:04 --> ErrorException: require_once(inc/service.php): Failed to open stream: No such file or directory
[Method: GET, Route: /]
in APPPATH/Views/index.php on line 465.
 1 APPPATH/Views/index.php(465): CodeIgniter\Debug\Exceptions->errorHandler()
 2 APPPATH/Views/index.php(465): require_once()
 3 SYSTEMPATH/View/View.php(240): include('/var/www/html/indiahairtransplant.com/app/Views/index.php')
 4 SYSTEMPATH/View/View.php(243): CodeIgniter\View\View->{closure:CodeIgniter\View\View::render():237}()
 5 SYSTEMPATH/Common.php(1268): CodeIgniter\View\View->render()
 6 APPPATH/Controllers/HomeController.php(9): view()
 7 SYSTEMPATH/CodeIgniter.php(974): App\Controllers\HomeController->index()
 8 SYSTEMPATH/CodeIgniter.php(520): CodeIgniter\CodeIgniter->runController()
 9 SYSTEMPATH/CodeIgniter.php(363): CodeIgniter\CodeIgniter->handleRequest()
10 SYSTEMPATH/Boot.php(417): CodeIgniter\CodeIgniter->run()
11 SYSTEMPATH/Boot.php(68): CodeIgniter\Boot::runCodeIgniter()
12 FCPATH/index.php(59): CodeIgniter\Boot::bootWeb()
13 SYSTEMPATH/rewrite.php(44): require_once('/var/www/html/indiahairtransplant.com/public/index.php')
CRITICAL - 2026-07-28 05:24:04 --> ErrorException: require_once(inc/service.php): Failed to open stream: No such file or directory
[Method: GET, Route: /]
in APPPATH/Views/index.php on line 465.
 1 APPPATH/Views/index.php(465): CodeIgniter\Debug\Exceptions->errorHandler()
 2 APPPATH/Views/index.php(465): require_once()
 3 SYSTEMPATH/View/View.php(240): include('/var/www/html/indiahairtransplant.com/app/Views/index.php')
 4 SYSTEMPATH/View/View.php(243): CodeIgniter\View\View->{closure:CodeIgniter\View\View::render():237}()
 5 SYSTEMPATH/Common.php(1268): CodeIgniter\View\View->render()
 6 APPPATH/Controllers/HomeController.php(9): view()
 7 SYSTEMPATH/CodeIgniter.php(974): App\Controllers\HomeController->index()
 8 SYSTEMPATH/CodeIgniter.php(520): CodeIgniter\CodeIgniter->runController()
 9 SYSTEMPATH/CodeIgniter.php(363): CodeIgniter\CodeIgniter->handleRequest()
10 SYSTEMPATH/Boot.php(417): CodeIgniter\CodeIgniter->run()
11 SYSTEMPATH/Boot.php(68): CodeIgniter\Boot::runCodeIgniter()
12 FCPATH/index.php(59): CodeIgniter\Boot::bootWeb()
13 SYSTEMPATH/rewrite.php(44): require_once('/var/www/html/indiahairtransplant.com/public/index.php')
CRITICAL - 2026-07-28 05:24:12 --> ErrorException: require_once(inc/location.php): Failed to open stream: No such file or directory
[Method: GET, Route: /]
in APPPATH/Views/index.php on line 582.
 1 APPPATH/Views/index.php(582): CodeIgniter\Debug\Exceptions->errorHandler()
 2 APPPATH/Views/index.php(582): require_once()
 3 SYSTEMPATH/View/View.php(240): include('/var/www/html/indiahairtransplant.com/app/Views/index.php')
 4 SYSTEMPATH/View/View.php(243): CodeIgniter\View\View->{closure:CodeIgniter\View\View::render():237}()
 5 SYSTEMPATH/Common.php(1268): CodeIgniter\View\View->render()
 6 APPPATH/Controllers/HomeController.php(9): view()
 7 SYSTEMPATH/CodeIgniter.php(974): App\Controllers\HomeController->index()
 8 SYSTEMPATH/CodeIgniter.php(520): CodeIgniter\CodeIgniter->runController()
 9 SYSTEMPATH/CodeIgniter.php(363): CodeIgniter\CodeIgniter->handleRequest()
10 SYSTEMPATH/Boot.php(417): CodeIgniter\CodeIgniter->run()
11 SYSTEMPATH/Boot.php(68): CodeIgniter\Boot::runCodeIgniter()
12 FCPATH/index.php(59): CodeIgniter\Boot::bootWeb()
13 SYSTEMPATH/rewrite.php(44): require_once('/var/www/html/indiahairtransplant.com/public/index.php')
CRITICAL - 2026-07-28 05:24:13 --> ErrorException: require_once(inc/location.php): Failed to open stream: No such file or directory
[Method: GET, Route: /]
in APPPATH/Views/index.php on line 582.
 1 APPPATH/Views/index.php(582): CodeIgniter\Debug\Exceptions->errorHandler()
 2 APPPATH/Views/index.php(582): require_once()
 3 SYSTEMPATH/View/View.php(240): include('/var/www/html/indiahairtransplant.com/app/Views/index.php')
 4 SYSTEMPATH/View/View.php(243): CodeIgniter\View\View->{closure:CodeIgniter\View\View::render():237}()
 5 SYSTEMPATH/Common.php(1268): CodeIgniter\View\View->render()
 6 APPPATH/Controllers/HomeController.php(9): view()
 7 SYSTEMPATH/CodeIgniter.php(974): App\Controllers\HomeController->index()
 8 SYSTEMPATH/CodeIgniter.php(520): CodeIgniter\CodeIgniter->runController()
 9 SYSTEMPATH/CodeIgniter.php(363): CodeIgniter\CodeIgniter->handleRequest()
10 SYSTEMPATH/Boot.php(417): CodeIgniter\CodeIgniter->run()
11 SYSTEMPATH/Boot.php(68): CodeIgniter\Boot::runCodeIgniter()
12 FCPATH/index.php(59): CodeIgniter\Boot::bootWeb()
13 SYSTEMPATH/rewrite.php(44): require_once('/var/www/html/indiahairtransplant.com/public/index.php')
CRITICAL - 2026-07-28 05:24:13 --> ErrorException: require_once(inc/location.php): Failed to open stream: No such file or directory
[Method: GET, Route: /]
in APPPATH/Views/index.php on line 582.
 1 APPPATH/Views/index.php(582): CodeIgniter\Debug\Exceptions->errorHandler()
 2 APPPATH/Views/index.php(582): require_once()
 3 SYSTEMPATH/View/View.php(240): include('/var/www/html/indiahairtransplant.com/app/Views/index.php')
 4 SYSTEMPATH/View/View.php(243): CodeIgniter\View\View->{closure:CodeIgniter\View\View::render():237}()
 5 SYSTEMPATH/Common.php(1268): CodeIgniter\View\View->render()
 6 APPPATH/Controllers/HomeController.php(9): view()
 7 SYSTEMPATH/CodeIgniter.php(974): App\Controllers\HomeController->index()
 8 SYSTEMPATH/CodeIgniter.php(520): CodeIgniter\CodeIgniter->runController()
 9 SYSTEMPATH/CodeIgniter.php(363): CodeIgniter\CodeIgniter->handleRequest()
10 SYSTEMPATH/Boot.php(417): CodeIgniter\CodeIgniter->run()
11 SYSTEMPATH/Boot.php(68): CodeIgniter\Boot::runCodeIgniter()
12 FCPATH/index.php(59): CodeIgniter\Boot::bootWeb()
13 SYSTEMPATH/rewrite.php(44): require_once('/var/www/html/indiahairtransplant.com/public/index.php')
CRITICAL - 2026-07-28 05:24:13 --> ErrorException: require_once(inc/location.php): Failed to open stream: No such file or directory
[Method: GET, Route: /]
in APPPATH/Views/index.php on line 582.
 1 APPPATH/Views/index.php(582): CodeIgniter\Debug\Exceptions->errorHandler()
 2 APPPATH/Views/index.php(582): require_once()
 3 SYSTEMPATH/View/View.php(240): include('/var/www/html/indiahairtransplant.com/app/Views/index.php')
 4 SYSTEMPATH/View/View.php(243): CodeIgniter\View\View->{closure:CodeIgniter\View\View::render():237}()
 5 SYSTEMPATH/Common.php(1268): CodeIgniter\View\View->render()
 6 APPPATH/Controllers/HomeController.php(9): view()
 7 SYSTEMPATH/CodeIgniter.php(974): App\Controllers\HomeController->index()
 8 SYSTEMPATH/CodeIgniter.php(520): CodeIgniter\CodeIgniter->runController()
 9 SYSTEMPATH/CodeIgniter.php(363): CodeIgniter\CodeIgniter->handleRequest()
10 SYSTEMPATH/Boot.php(417): CodeIgniter\CodeIgniter->run()
11 SYSTEMPATH/Boot.php(68): CodeIgniter\Boot::runCodeIgniter()
12 FCPATH/index.php(59): CodeIgniter\Boot::bootWeb()
13 SYSTEMPATH/rewrite.php(44): require_once('/var/www/html/indiahairtransplant.com/public/index.php')
CRITICAL - 2026-07-28 05:24:14 --> ErrorException: require_once(inc/location.php): Failed to open stream: No such file or directory
[Method: GET, Route: /]
in APPPATH/Views/index.php on line 582.
 1 APPPATH/Views/index.php(582): CodeIgniter\Debug\Exceptions->errorHandler()
 2 APPPATH/Views/index.php(582): require_once()
 3 SYSTEMPATH/View/View.php(240): include('/var/www/html/indiahairtransplant.com/app/Views/index.php')
 4 SYSTEMPATH/View/View.php(243): CodeIgniter\View\View->{closure:CodeIgniter\View\View::render():237}()
 5 SYSTEMPATH/Common.php(1268): CodeIgniter\View\View->render()
 6 APPPATH/Controllers/HomeController.php(9): view()
 7 SYSTEMPATH/CodeIgniter.php(974): App\Controllers\HomeController->index()
 8 SYSTEMPATH/CodeIgniter.php(520): CodeIgniter\CodeIgniter->runController()
 9 SYSTEMPATH/CodeIgniter.php(363): CodeIgniter\CodeIgniter->handleRequest()
10 SYSTEMPATH/Boot.php(417): CodeIgniter\CodeIgniter->run()
11 SYSTEMPATH/Boot.php(68): CodeIgniter\Boot::runCodeIgniter()
12 FCPATH/index.php(59): CodeIgniter\Boot::bootWeb()
13 SYSTEMPATH/rewrite.php(44): require_once('/var/www/html/indiahairtransplant.com/public/index.php')
CRITICAL - 2026-07-28 05:24:25 --> ErrorException: require_once(/var/www/html/indiahairtransplant.com/public/inc/popup-form.php): Failed to open stream: No such file or directory
[Method: GET, Route: /]
in APPPATH/Views/layouts/footer.php on line 142.
 1 APPPATH/Views/layouts/footer.php(142): CodeIgniter\Debug\Exceptions->errorHandler()
 2 APPPATH/Views/layouts/footer.php(142): require_once()
 3 SYSTEMPATH/View/View.php(240): include('/var/www/html/indiahairtransplant.com/app/Views/layouts/footer.php')
 4 SYSTEMPATH/View/View.php(243): CodeIgniter\View\View->{closure:CodeIgniter\View\View::render():237}()
 5 SYSTEMPATH/View/View.php(489): CodeIgniter\View\View->render()
 6 APPPATH/Views/layouts/app.php(12): CodeIgniter\View\View->include()
 7 SYSTEMPATH/View/View.php(240): include('/var/www/html/indiahairtransplant.com/app/Views/layouts/app.php')
 8 SYSTEMPATH/View/View.php(243): CodeIgniter\View\View->{closure:CodeIgniter\View\View::render():237}()
 9 SYSTEMPATH/View/View.php(256): CodeIgniter\View\View->render()
10 SYSTEMPATH/Common.php(1268): CodeIgniter\View\View->render()
11 APPPATH/Controllers/HomeController.php(9): view()
12 SYSTEMPATH/CodeIgniter.php(974): App\Controllers\HomeController->index()
13 SYSTEMPATH/CodeIgniter.php(520): CodeIgniter\CodeIgniter->runController()
14 SYSTEMPATH/CodeIgniter.php(363): CodeIgniter\CodeIgniter->handleRequest()
15 SYSTEMPATH/Boot.php(417): CodeIgniter\CodeIgniter->run()
16 SYSTEMPATH/Boot.php(68): CodeIgniter\Boot::runCodeIgniter()
17 FCPATH/index.php(59): CodeIgniter\Boot::bootWeb()
18 SYSTEMPATH/rewrite.php(44): require_once('/var/www/html/indiahairtransplant.com/public/index.php')
CRITICAL - 2026-07-28 05:24:27 --> ErrorException: require_once(/var/www/html/indiahairtransplant.com/public/inc/popup-form.php): Failed to open stream: No such file or directory
[Method: GET, Route: /]
in APPPATH/Views/layouts/footer.php on line 142.
 1 APPPATH/Views/layouts/footer.php(142): CodeIgniter\Debug\Exceptions->errorHandler()
 2 APPPATH/Views/layouts/footer.php(142): require_once()
 3 SYSTEMPATH/View/View.php(240): include('/var/www/html/indiahairtransplant.com/app/Views/layouts/footer.php')
 4 SYSTEMPATH/View/View.php(243): CodeIgniter\View\View->{closure:CodeIgniter\View\View::render():237}()
 5 SYSTEMPATH/View/View.php(489): CodeIgniter\View\View->render()
 6 APPPATH/Views/layouts/app.php(12): CodeIgniter\View\View->include()
 7 SYSTEMPATH/View/View.php(240): include('/var/www/html/indiahairtransplant.com/app/Views/layouts/app.php')
 8 SYSTEMPATH/View/View.php(243): CodeIgniter\View\View->{closure:CodeIgniter\View\View::render():237}()
 9 SYSTEMPATH/View/View.php(256): CodeIgniter\View\View->render()
10 SYSTEMPATH/Common.php(1268): CodeIgniter\View\View->render()
11 APPPATH/Controllers/HomeController.php(9): view()
12 SYSTEMPATH/CodeIgniter.php(974): App\Controllers\HomeController->index()
13 SYSTEMPATH/CodeIgniter.php(520): CodeIgniter\CodeIgniter->runController()
14 SYSTEMPATH/CodeIgniter.php(363): CodeIgniter\CodeIgniter->handleRequest()
15 SYSTEMPATH/Boot.php(417): CodeIgniter\CodeIgniter->run()
16 SYSTEMPATH/Boot.php(68): CodeIgniter\Boot::runCodeIgniter()
17 FCPATH/index.php(59): CodeIgniter\Boot::bootWeb()
18 SYSTEMPATH/rewrite.php(44): require_once('/var/www/html/indiahairtransplant.com/public/index.php')
CRITICAL - 2026-07-28 05:24:27 --> ErrorException: require_once(/var/www/html/indiahairtransplant.com/public/inc/popup-form.php): Failed to open stream: No such file or directory
[Method: GET, Route: /]
in APPPATH/Views/layouts/footer.php on line 142.
 1 APPPATH/Views/layouts/footer.php(142): CodeIgniter\Debug\Exceptions->errorHandler()
 2 APPPATH/Views/layouts/footer.php(142): require_once()
 3 SYSTEMPATH/View/View.php(240): include('/var/www/html/indiahairtransplant.com/app/Views/layouts/footer.php')
 4 SYSTEMPATH/View/View.php(243): CodeIgniter\View\View->{closure:CodeIgniter\View\View::render():237}()
 5 SYSTEMPATH/View/View.php(489): CodeIgniter\View\View->render()
 6 APPPATH/Views/layouts/app.php(12): CodeIgniter\View\View->include()
 7 SYSTEMPATH/View/View.php(240): include('/var/www/html/indiahairtransplant.com/app/Views/layouts/app.php')
 8 SYSTEMPATH/View/View.php(243): CodeIgniter\View\View->{closure:CodeIgniter\View\View::render():237}()
 9 SYSTEMPATH/View/View.php(256): CodeIgniter\View\View->render()
10 SYSTEMPATH/Common.php(1268): CodeIgniter\View\View->render()
11 APPPATH/Controllers/HomeController.php(9): view()
12 SYSTEMPATH/CodeIgniter.php(974): App\Controllers\HomeController->index()
13 SYSTEMPATH/CodeIgniter.php(520): CodeIgniter\CodeIgniter->runController()
14 SYSTEMPATH/CodeIgniter.php(363): CodeIgniter\CodeIgniter->handleRequest()
15 SYSTEMPATH/Boot.php(417): CodeIgniter\CodeIgniter->run()
16 SYSTEMPATH/Boot.php(68): CodeIgniter\Boot::runCodeIgniter()
17 FCPATH/index.php(59): CodeIgniter\Boot::bootWeb()
18 SYSTEMPATH/rewrite.php(44): require_once('/var/www/html/indiahairtransplant.com/public/index.php')
CRITICAL - 2026-07-28 05:24:27 --> ErrorException: require_once(/var/www/html/indiahairtransplant.com/public/inc/popup-form.php): Failed to open stream: No such file or directory
[Method: GET, Route: /]
in APPPATH/Views/layouts/footer.php on line 142.
 1 APPPATH/Views/layouts/footer.php(142): CodeIgniter\Debug\Exceptions->errorHandler()
 2 APPPATH/Views/layouts/footer.php(142): require_once()
 3 SYSTEMPATH/View/View.php(240): include('/var/www/html/indiahairtransplant.com/app/Views/layouts/footer.php')
 4 SYSTEMPATH/View/View.php(243): CodeIgniter\View\View->{closure:CodeIgniter\View\View::render():237}()
 5 SYSTEMPATH/View/View.php(489): CodeIgniter\View\View->render()
 6 APPPATH/Views/layouts/app.php(12): CodeIgniter\View\View->include()
 7 SYSTEMPATH/View/View.php(240): include('/var/www/html/indiahairtransplant.com/app/Views/layouts/app.php')
 8 SYSTEMPATH/View/View.php(243): CodeIgniter\View\View->{closure:CodeIgniter\View\View::render():237}()
 9 SYSTEMPATH/View/View.php(256): CodeIgniter\View\View->render()
10 SYSTEMPATH/Common.php(1268): CodeIgniter\View\View->render()
11 APPPATH/Controllers/HomeController.php(9): view()
12 SYSTEMPATH/CodeIgniter.php(974): App\Controllers\HomeController->index()
13 SYSTEMPATH/CodeIgniter.php(520): CodeIgniter\CodeIgniter->runController()
14 SYSTEMPATH/CodeIgniter.php(363): CodeIgniter\CodeIgniter->handleRequest()
15 SYSTEMPATH/Boot.php(417): CodeIgniter\CodeIgniter->run()
16 SYSTEMPATH/Boot.php(68): CodeIgniter\Boot::runCodeIgniter()
17 FCPATH/index.php(59): CodeIgniter\Boot::bootWeb()
18 SYSTEMPATH/rewrite.php(44): require_once('/var/www/html/indiahairtransplant.com/public/index.php')
CRITICAL - 2026-07-28 05:24:28 --> ErrorException: require_once(/var/www/html/indiahairtransplant.com/public/inc/popup-form.php): Failed to open stream: No such file or directory
[Method: GET, Route: /]
in APPPATH/Views/layouts/footer.php on line 142.
 1 APPPATH/Views/layouts/footer.php(142): CodeIgniter\Debug\Exceptions->errorHandler()
 2 APPPATH/Views/layouts/footer.php(142): require_once()
 3 SYSTEMPATH/View/View.php(240): include('/var/www/html/indiahairtransplant.com/app/Views/layouts/footer.php')
 4 SYSTEMPATH/View/View.php(243): CodeIgniter\View\View->{closure:CodeIgniter\View\View::render():237}()
 5 SYSTEMPATH/View/View.php(489): CodeIgniter\View\View->render()
 6 APPPATH/Views/layouts/app.php(12): CodeIgniter\View\View->include()
 7 SYSTEMPATH/View/View.php(240): include('/var/www/html/indiahairtransplant.com/app/Views/layouts/app.php')
 8 SYSTEMPATH/View/View.php(243): CodeIgniter\View\View->{closure:CodeIgniter\View\View::render():237}()
 9 SYSTEMPATH/View/View.php(256): CodeIgniter\View\View->render()
10 SYSTEMPATH/Common.php(1268): CodeIgniter\View\View->render()
11 APPPATH/Controllers/HomeController.php(9): view()
12 SYSTEMPATH/CodeIgniter.php(974): App\Controllers\HomeController->index()
13 SYSTEMPATH/CodeIgniter.php(520): CodeIgniter\CodeIgniter->runController()
14 SYSTEMPATH/CodeIgniter.php(363): CodeIgniter\CodeIgniter->handleRequest()
15 SYSTEMPATH/Boot.php(417): CodeIgniter\CodeIgniter->run()
16 SYSTEMPATH/Boot.php(68): CodeIgniter\Boot::runCodeIgniter()
17 FCPATH/index.php(59): CodeIgniter\Boot::bootWeb()
18 SYSTEMPATH/rewrite.php(44): require_once('/var/www/html/indiahairtransplant.com/public/index.php')
CRITICAL - 2026-07-28 05:24:28 --> ErrorException: require_once(/var/www/html/indiahairtransplant.com/public/inc/popup-form.php): Failed to open stream: No such file or directory
[Method: GET, Route: /]
in APPPATH/Views/layouts/footer.php on line 142.
 1 APPPATH/Views/layouts/footer.php(142): CodeIgniter\Debug\Exceptions->errorHandler()
 2 APPPATH/Views/layouts/footer.php(142): require_once()
 3 SYSTEMPATH/View/View.php(240): include('/var/www/html/indiahairtransplant.com/app/Views/layouts/footer.php')
 4 SYSTEMPATH/View/View.php(243): CodeIgniter\View\View->{closure:CodeIgniter\View\View::render():237}()
 5 SYSTEMPATH/View/View.php(489): CodeIgniter\View\View->render()
 6 APPPATH/Views/layouts/app.php(12): CodeIgniter\View\View->include()
 7 SYSTEMPATH/View/View.php(240): include('/var/www/html/indiahairtransplant.com/app/Views/layouts/app.php')
 8 SYSTEMPATH/View/View.php(243): CodeIgniter\View\View->{closure:CodeIgniter\View\View::render():237}()
 9 SYSTEMPATH/View/View.php(256): CodeIgniter\View\View->render()
10 SYSTEMPATH/Common.php(1268): CodeIgniter\View\View->render()
11 APPPATH/Controllers/HomeController.php(9): view()
12 SYSTEMPATH/CodeIgniter.php(974): App\Controllers\HomeController->index()
13 SYSTEMPATH/CodeIgniter.php(520): CodeIgniter\CodeIgniter->runController()
14 SYSTEMPATH/CodeIgniter.php(363): CodeIgniter\CodeIgniter->handleRequest()
15 SYSTEMPATH/Boot.php(417): CodeIgniter\CodeIgniter->run()
16 SYSTEMPATH/Boot.php(68): CodeIgniter\Boot::runCodeIgniter()
17 FCPATH/index.php(59): CodeIgniter\Boot::bootWeb()
18 SYSTEMPATH/rewrite.php(44): require_once('/var/www/html/indiahairtransplant.com/public/index.php')
CRITICAL - 2026-07-28 05:24:28 --> ErrorException: require_once(/var/www/html/indiahairtransplant.com/public/inc/popup-form.php): Failed to open stream: No such file or directory
[Method: GET, Route: /]
in APPPATH/Views/layouts/footer.php on line 142.
 1 APPPATH/Views/layouts/footer.php(142): CodeIgniter\Debug\Exceptions->errorHandler()
 2 APPPATH/Views/layouts/footer.php(142): require_once()
 3 SYSTEMPATH/View/View.php(240): include('/var/www/html/indiahairtransplant.com/app/Views/layouts/footer.php')
 4 SYSTEMPATH/View/View.php(243): CodeIgniter\View\View->{closure:CodeIgniter\View\View::render():237}()
 5 SYSTEMPATH/View/View.php(489): CodeIgniter\View\View->render()
 6 APPPATH/Views/layouts/app.php(12): CodeIgniter\View\View->include()
 7 SYSTEMPATH/View/View.php(240): include('/var/www/html/indiahairtransplant.com/app/Views/layouts/app.php')
 8 SYSTEMPATH/View/View.php(243): CodeIgniter\View\View->{closure:CodeIgniter\View\View::render():237}()
 9 SYSTEMPATH/View/View.php(256): CodeIgniter\View\View->render()
10 SYSTEMPATH/Common.php(1268): CodeIgniter\View\View->render()
11 APPPATH/Controllers/HomeController.php(9): view()
12 SYSTEMPATH/CodeIgniter.php(974): App\Controllers\HomeController->index()
13 SYSTEMPATH/CodeIgniter.php(520): CodeIgniter\CodeIgniter->runController()
14 SYSTEMPATH/CodeIgniter.php(363): CodeIgniter\CodeIgniter->handleRequest()
15 SYSTEMPATH/Boot.php(417): CodeIgniter\CodeIgniter->run()
16 SYSTEMPATH/Boot.php(68): CodeIgniter\Boot::runCodeIgniter()
17 FCPATH/index.php(59): CodeIgniter\Boot::bootWeb()
18 SYSTEMPATH/rewrite.php(44): require_once('/var/www/html/indiahairtransplant.com/public/index.php')
CRITICAL - 2026-07-28 05:24:28 --> ErrorException: require_once(/var/www/html/indiahairtransplant.com/public/inc/popup-form.php): Failed to open stream: No such file or directory
[Method: GET, Route: /]
in APPPATH/Views/layouts/footer.php on line 142.
 1 APPPATH/Views/layouts/footer.php(142): CodeIgniter\Debug\Exceptions->errorHandler()
 2 APPPATH/Views/layouts/footer.php(142): require_once()
 3 SYSTEMPATH/View/View.php(240): include('/var/www/html/indiahairtransplant.com/app/Views/layouts/footer.php')
 4 SYSTEMPATH/View/View.php(243): CodeIgniter\View\View->{closure:CodeIgniter\View\View::render():237}()
 5 SYSTEMPATH/View/View.php(489): CodeIgniter\View\View->render()
 6 APPPATH/Views/layouts/app.php(12): CodeIgniter\View\View->include()
 7 SYSTEMPATH/View/View.php(240): include('/var/www/html/indiahairtransplant.com/app/Views/layouts/app.php')
 8 SYSTEMPATH/View/View.php(243): CodeIgniter\View\View->{closure:CodeIgniter\View\View::render():237}()
 9 SYSTEMPATH/View/View.php(256): CodeIgniter\View\View->render()
10 SYSTEMPATH/Common.php(1268): CodeIgniter\View\View->render()
11 APPPATH/Controllers/HomeController.php(9): view()
12 SYSTEMPATH/CodeIgniter.php(974): App\Controllers\HomeController->index()
13 SYSTEMPATH/CodeIgniter.php(520): CodeIgniter\CodeIgniter->runController()
14 SYSTEMPATH/CodeIgniter.php(363): CodeIgniter\CodeIgniter->handleRequest()
15 SYSTEMPATH/Boot.php(417): CodeIgniter\CodeIgniter->run()
16 SYSTEMPATH/Boot.php(68): CodeIgniter\Boot::runCodeIgniter()
17 FCPATH/index.php(59): CodeIgniter\Boot::bootWeb()
18 SYSTEMPATH/rewrite.php(44): require_once('/var/www/html/indiahairtransplant.com/public/index.php')
CRITICAL - 2026-07-28 06:14:42 --> ErrorException: require_once(inc/service.php): Failed to open stream: No such file or directory
[Method: GET, Route: /]
in APPPATH/Views/index.php on line 465.
 1 APPPATH/Views/index.php(465): CodeIgniter\Debug\Exceptions->errorHandler()
 2 APPPATH/Views/index.php(465): require_once()
 3 SYSTEMPATH/View/View.php(240): include('/var/www/html/indiahairtransplant.com/app/Views/index.php')
 4 SYSTEMPATH/View/View.php(243): CodeIgniter\View\View->{closure:CodeIgniter\View\View::render():237}()
 5 SYSTEMPATH/Common.php(1268): CodeIgniter\View\View->render()
 6 APPPATH/Controllers/HomeController.php(9): view()
 7 SYSTEMPATH/CodeIgniter.php(974): App\Controllers\HomeController->index()
 8 SYSTEMPATH/CodeIgniter.php(520): CodeIgniter\CodeIgniter->runController()
 9 SYSTEMPATH/CodeIgniter.php(363): CodeIgniter\CodeIgniter->handleRequest()
10 SYSTEMPATH/Boot.php(417): CodeIgniter\CodeIgniter->run()
11 SYSTEMPATH/Boot.php(68): CodeIgniter\Boot::runCodeIgniter()
12 FCPATH/index.php(59): CodeIgniter\Boot::bootWeb()
13 SYSTEMPATH/rewrite.php(44): require_once('/var/www/html/indiahairtransplant.com/public/index.php')
CRITICAL - 2026-07-28 06:14:43 --> ErrorException: require_once(inc/service.php): Failed to open stream: No such file or directory
[Method: GET, Route: /]
in APPPATH/Views/index.php on line 465.
 1 APPPATH/Views/index.php(465): CodeIgniter\Debug\Exceptions->errorHandler()
 2 APPPATH/Views/index.php(465): require_once()
 3 SYSTEMPATH/View/View.php(240): include('/var/www/html/indiahairtransplant.com/app/Views/index.php')
 4 SYSTEMPATH/View/View.php(243): CodeIgniter\View\View->{closure:CodeIgniter\View\View::render():237}()
 5 SYSTEMPATH/Common.php(1268): CodeIgniter\View\View->render()
 6 APPPATH/Controllers/HomeController.php(9): view()
 7 SYSTEMPATH/CodeIgniter.php(974): App\Controllers\HomeController->index()
 8 SYSTEMPATH/CodeIgniter.php(520): CodeIgniter\CodeIgniter->runController()
 9 SYSTEMPATH/CodeIgniter.php(363): CodeIgniter\CodeIgniter->handleRequest()
10 SYSTEMPATH/Boot.php(417): CodeIgniter\CodeIgniter->run()
11 SYSTEMPATH/Boot.php(68): CodeIgniter\Boot::runCodeIgniter()
12 FCPATH/index.php(59): CodeIgniter\Boot::bootWeb()
13 SYSTEMPATH/rewrite.php(44): require_once('/var/www/html/indiahairtransplant.com/public/index.php')
INFO - 2026-07-28 06:30:17 --> REDIRECTED ROUTE at https://localhost:8080/faqs
INFO - 2026-07-28 06:30:22 --> REDIRECTED ROUTE at https://localhost:8080/
CRITICAL - 2026-07-28 07:52:20 --> ParseError: syntax error, unexpected identifier "s"
[Method: GET, Route: blog/]
in APPPATH/Views/partials/meta.php on line 419.
 1 SYSTEMPATH/View/View.php(243): CodeIgniter\View\View->{closure:CodeIgniter\View\View::render():237}()
 2 SYSTEMPATH/View/View.php(489): CodeIgniter\View\View->render()
 3 APPPATH/Views/layouts/header.php(10): CodeIgniter\View\View->include()
 4 SYSTEMPATH/View/View.php(240): include('/var/www/html/indiahairtransplant.com/app/Views/layouts/header.php')
 5 SYSTEMPATH/View/View.php(243): CodeIgniter\View\View->{closure:CodeIgniter\View\View::render():237}()
 6 SYSTEMPATH/View/View.php(489): CodeIgniter\View\View->render()
 7 APPPATH/Views/layouts/app.php(1): CodeIgniter\View\View->include()
 8 SYSTEMPATH/View/View.php(240): include('/var/www/html/indiahairtransplant.com/app/Views/layouts/app.php')
 9 SYSTEMPATH/View/View.php(243): CodeIgniter\View\View->{closure:CodeIgniter\View\View::render():237}()
10 SYSTEMPATH/View/View.php(256): CodeIgniter\View\View->render()
11 SYSTEMPATH/Common.php(1268): CodeIgniter\View\View->render()
12 APPPATH/Controllers/BlogController.php(11): view()
13 SYSTEMPATH/CodeIgniter.php(974): App\Controllers\BlogController->index()
14 SYSTEMPATH/CodeIgniter.php(520): CodeIgniter\CodeIgniter->runController()
15 SYSTEMPATH/CodeIgniter.php(363): CodeIgniter\CodeIgniter->handleRequest()
16 SYSTEMPATH/Boot.php(417): CodeIgniter\CodeIgniter->run()
17 SYSTEMPATH/Boot.php(68): CodeIgniter\Boot::runCodeIgniter()
18 FCPATH/index.php(59): CodeIgniter\Boot::bootWeb()
19 SYSTEMPATH/rewrite.php(44): require_once('/var/www/html/indiahairtransplant.com/public/index.php')
CRITICAL - 2026-07-28 07:52:20 --> ErrorException: Cannot redeclare function iht_posts_by_category() (previously declared in /var/www/html/indiahairtransplant.com/app/Views/blog/_data.php:205)
[Method: GET, Route: blog/hair-loss/]
in APPPATH/Views/blog/_data.php on line 205.
 1 [internal function]: CodeIgniter\Debug\Exceptions->shutdownHandler()
CRITICAL - 2026-07-28 07:52:20 --> ParseError: syntax error, unexpected identifier "s"
[Method: GET, Route: blog/gym-after-hair-transplant]
in APPPATH/Views/partials/meta.php on line 419.
 1 SYSTEMPATH/View/View.php(243): CodeIgniter\View\View->{closure:CodeIgniter\View\View::render():237}()
 2 SYSTEMPATH/View/View.php(489): CodeIgniter\View\View->render()
 3 APPPATH/Views/layouts/header.php(10): CodeIgniter\View\View->include()
 4 SYSTEMPATH/View/View.php(240): include('/var/www/html/indiahairtransplant.com/app/Views/layouts/header.php')
 5 SYSTEMPATH/View/View.php(243): CodeIgniter\View\View->{closure:CodeIgniter\View\View::render():237}()
 6 SYSTEMPATH/View/View.php(489): CodeIgniter\View\View->render()
 7 APPPATH/Views/layouts/app.php(1): CodeIgniter\View\View->include()
 8 SYSTEMPATH/View/View.php(240): include('/var/www/html/indiahairtransplant.com/app/Views/layouts/app.php')
 9 SYSTEMPATH/View/View.php(243): CodeIgniter\View\View->{closure:CodeIgniter\View\View::render():237}()
10 SYSTEMPATH/View/View.php(256): CodeIgniter\View\View->render()
11 SYSTEMPATH/Common.php(1268): CodeIgniter\View\View->render()
12 APPPATH/Controllers/BlogController.php(36): view()
13 SYSTEMPATH/CodeIgniter.php(974): App\Controllers\BlogController->resolve()
14 SYSTEMPATH/CodeIgniter.php(520): CodeIgniter\CodeIgniter->runController()
15 SYSTEMPATH/CodeIgniter.php(363): CodeIgniter\CodeIgniter->handleRequest()
16 SYSTEMPATH/Boot.php(417): CodeIgniter\CodeIgniter->run()
17 SYSTEMPATH/Boot.php(68): CodeIgniter\Boot::runCodeIgniter()
18 FCPATH/index.php(59): CodeIgniter\Boot::bootWeb()
19 SYSTEMPATH/rewrite.php(44): require_once('/var/www/html/indiahairtransplant.com/public/index.php')
CRITICAL - 2026-07-28 07:52:45 --> ParseError: syntax error, unexpected identifier "s"
[Method: GET, Route: blog/]
in APPPATH/Views/partials/meta.php on line 419.
 1 SYSTEMPATH/View/View.php(243): CodeIgniter\View\View->{closure:CodeIgniter\View\View::render():237}()
 2 SYSTEMPATH/View/View.php(489): CodeIgniter\View\View->render()
 3 APPPATH/Views/layouts/header.php(10): CodeIgniter\View\View->include()
 4 SYSTEMPATH/View/View.php(240): include('/var/www/html/indiahairtransplant.com/app/Views/layouts/header.php')
 5 SYSTEMPATH/View/View.php(243): CodeIgniter\View\View->{closure:CodeIgniter\View\View::render():237}()
 6 SYSTEMPATH/View/View.php(489): CodeIgniter\View\View->render()
 7 APPPATH/Views/layouts/app.php(1): CodeIgniter\View\View->include()
 8 SYSTEMPATH/View/View.php(240): include('/var/www/html/indiahairtransplant.com/app/Views/layouts/app.php')
 9 SYSTEMPATH/View/View.php(243): CodeIgniter\View\View->{closure:CodeIgniter\View\View::render():237}()
10 SYSTEMPATH/View/View.php(256): CodeIgniter\View\View->render()
11 SYSTEMPATH/Common.php(1268): CodeIgniter\View\View->render()
12 APPPATH/Controllers/BlogController.php(11): view()
13 SYSTEMPATH/CodeIgniter.php(974): App\Controllers\BlogController->index()
14 SYSTEMPATH/CodeIgniter.php(520): CodeIgniter\CodeIgniter->runController()
15 SYSTEMPATH/CodeIgniter.php(363): CodeIgniter\CodeIgniter->handleRequest()
16 SYSTEMPATH/Boot.php(417): CodeIgniter\CodeIgniter->run()
17 SYSTEMPATH/Boot.php(68): CodeIgniter\Boot::runCodeIgniter()
18 FCPATH/index.php(59): CodeIgniter\Boot::bootWeb()
19 SYSTEMPATH/rewrite.php(44): require_once('/var/www/html/indiahairtransplant.com/public/index.php')
CRITICAL - 2026-07-28 07:52:45 --> ErrorException: Undefined variable $iht_categories
[Method: GET, Route: blog/hair-loss/]
in APPPATH/Views/blog/category.php on line 4.
 1 APPPATH/Views/blog/category.php(4): CodeIgniter\Debug\Exceptions->errorHandler()
 2 SYSTEMPATH/View/View.php(240): include('/var/www/html/indiahairtransplant.com/app/Views/blog/category.php')
 3 SYSTEMPATH/View/View.php(243): CodeIgniter\View\View->{closure:CodeIgniter\View\View::render():237}()
 4 SYSTEMPATH/Common.php(1268): CodeIgniter\View\View->render()
 5 APPPATH/Controllers/BlogController.php(25): view()
 6 SYSTEMPATH/CodeIgniter.php(974): App\Controllers\BlogController->resolve()
 7 SYSTEMPATH/CodeIgniter.php(520): CodeIgniter\CodeIgniter->runController()
 8 SYSTEMPATH/CodeIgniter.php(363): CodeIgniter\CodeIgniter->handleRequest()
 9 SYSTEMPATH/Boot.php(417): CodeIgniter\CodeIgniter->run()
10 SYSTEMPATH/Boot.php(68): CodeIgniter\Boot::runCodeIgniter()
11 FCPATH/index.php(59): CodeIgniter\Boot::bootWeb()
12 SYSTEMPATH/rewrite.php(44): require_once('/var/www/html/indiahairtransplant.com/public/index.php')
CRITICAL - 2026-07-28 07:52:45 --> ParseError: syntax error, unexpected identifier "s"
[Method: GET, Route: blog/gym-after-hair-transplant]
in APPPATH/Views/partials/meta.php on line 419.
 1 SYSTEMPATH/View/View.php(243): CodeIgniter\View\View->{closure:CodeIgniter\View\View::render():237}()
 2 SYSTEMPATH/View/View.php(489): CodeIgniter\View\View->render()
 3 APPPATH/Views/layouts/header.php(10): CodeIgniter\View\View->include()
 4 SYSTEMPATH/View/View.php(240): include('/var/www/html/indiahairtransplant.com/app/Views/layouts/header.php')
 5 SYSTEMPATH/View/View.php(243): CodeIgniter\View\View->{closure:CodeIgniter\View\View::render():237}()
 6 SYSTEMPATH/View/View.php(489): CodeIgniter\View\View->render()
 7 APPPATH/Views/layouts/app.php(1): CodeIgniter\View\View->include()
 8 SYSTEMPATH/View/View.php(240): include('/var/www/html/indiahairtransplant.com/app/Views/layouts/app.php')
 9 SYSTEMPATH/View/View.php(243): CodeIgniter\View\View->{closure:CodeIgniter\View\View::render():237}()
10 SYSTEMPATH/View/View.php(256): CodeIgniter\View\View->render()
11 SYSTEMPATH/Common.php(1268): CodeIgniter\View\View->render()
12 APPPATH/Controllers/BlogController.php(36): view()
13 SYSTEMPATH/CodeIgniter.php(974): App\Controllers\BlogController->resolve()
14 SYSTEMPATH/CodeIgniter.php(520): CodeIgniter\CodeIgniter->runController()
15 SYSTEMPATH/CodeIgniter.php(363): CodeIgniter\CodeIgniter->handleRequest()
16 SYSTEMPATH/Boot.php(417): CodeIgniter\CodeIgniter->run()
17 SYSTEMPATH/Boot.php(68): CodeIgniter\Boot::runCodeIgniter()
18 FCPATH/index.php(59): CodeIgniter\Boot::bootWeb()
19 SYSTEMPATH/rewrite.php(44): require_once('/var/www/html/indiahairtransplant.com/public/index.php')
CRITICAL - 2026-07-28 07:53:09 --> ErrorException: Undefined variable $iht_categories
[Method: GET, Route: blog/hair-loss/]
in APPPATH/Views/blog/category.php on line 4.
 1 APPPATH/Views/blog/category.php(4): CodeIgniter\Debug\Exceptions->errorHandler()
 2 SYSTEMPATH/View/View.php(240): include('/var/www/html/indiahairtransplant.com/app/Views/blog/category.php')
 3 SYSTEMPATH/View/View.php(243): CodeIgniter\View\View->{closure:CodeIgniter\View\View::render():237}()
 4 SYSTEMPATH/Common.php(1268): CodeIgniter\View\View->render()
 5 APPPATH/Controllers/BlogController.php(25): view()
 6 SYSTEMPATH/CodeIgniter.php(974): App\Controllers\BlogController->resolve()
 7 SYSTEMPATH/CodeIgniter.php(520): CodeIgniter\CodeIgniter->runController()
 8 SYSTEMPATH/CodeIgniter.php(363): CodeIgniter\CodeIgniter->handleRequest()
 9 SYSTEMPATH/Boot.php(417): CodeIgniter\CodeIgniter->run()
10 SYSTEMPATH/Boot.php(68): CodeIgniter\Boot::runCodeIgniter()
11 FCPATH/index.php(59): CodeIgniter\Boot::bootWeb()
12 SYSTEMPATH/rewrite.php(44): require_once('/var/www/html/indiahairtransplant.com/public/index.php')
CRITICAL - 2026-07-28 07:53:23 --> ErrorException: Undefined variable $iht_categories
[Method: GET, Route: blog/hair-loss/]
in APPPATH/Views/blog/category.php on line 4.
 1 APPPATH/Views/blog/category.php(4): CodeIgniter\Debug\Exceptions->errorHandler()
 2 SYSTEMPATH/View/View.php(240): include('/var/www/html/indiahairtransplant.com/app/Views/blog/category.php')
 3 SYSTEMPATH/View/View.php(243): CodeIgniter\View\View->{closure:CodeIgniter\View\View::render():237}()
 4 SYSTEMPATH/Common.php(1268): CodeIgniter\View\View->render()
 5 APPPATH/Controllers/BlogController.php(25): view()
 6 SYSTEMPATH/CodeIgniter.php(974): App\Controllers\BlogController->resolve()
 7 SYSTEMPATH/CodeIgniter.php(520): CodeIgniter\CodeIgniter->runController()
 8 SYSTEMPATH/CodeIgniter.php(363): CodeIgniter\CodeIgniter->handleRequest()
 9 SYSTEMPATH/Boot.php(417): CodeIgniter\CodeIgniter->run()
10 SYSTEMPATH/Boot.php(68): CodeIgniter\Boot::runCodeIgniter()
11 FCPATH/index.php(59): CodeIgniter\Boot::bootWeb()
12 SYSTEMPATH/rewrite.php(44): require_once('/var/www/html/indiahairtransplant.com/public/index.php')
CRITICAL - 2026-07-28 07:53:23 --> ErrorException: Undefined variable $iht_categories
[Method: GET, Route: blog-sitemap.xml]
in APPPATH/Views/blog/sitemap_xml.php on line 21.
 1 APPPATH/Views/blog/sitemap_xml.php(21): CodeIgniter\Debug\Exceptions->errorHandler()
 2 SYSTEMPATH/View/View.php(240): include('/var/www/html/indiahairtransplant.com/app/Views/blog/sitemap_xml.php')
 3 SYSTEMPATH/View/View.php(243): CodeIgniter\View\View->{closure:CodeIgniter\View\View::render():237}()
 4 SYSTEMPATH/Common.php(1268): CodeIgniter\View\View->render()
 5 APPPATH/Controllers/BlogController.php(47): view()
 6 SYSTEMPATH/CodeIgniter.php(974): App\Controllers\BlogController->sitemap()
 7 SYSTEMPATH/CodeIgniter.php(520): CodeIgniter\CodeIgniter->runController()
 8 SYSTEMPATH/CodeIgniter.php(363): CodeIgniter\CodeIgniter->handleRequest()
 9 SYSTEMPATH/Boot.php(417): CodeIgniter\CodeIgniter->run()
10 SYSTEMPATH/Boot.php(68): CodeIgniter\Boot::runCodeIgniter()
11 FCPATH/index.php(59): CodeIgniter\Boot::bootWeb()
12 SYSTEMPATH/rewrite.php(44): require_once('/var/www/html/indiahairtransplant.com/public/index.php')
